// Jest Snapshot v1, https://goo.gl/fbAQLP

exports[`AccordionPanel Panel basic behavior exists and renders with mock props 1`] = `
<Flex
  className="accordionPanel"
  direction="row"
  rowReverse={false}
>
  <FlexItem>
    <button
      aria-controls="panel-firstsection"
      aria-expanded={false}
      aria-selected={false}
      className="accordionPanel-label display--block span--100 padding--bottom"
      id="label-firstsection"
      onClick={[Function]}
      role="tab"
    >
      First Section
    </button>
    <Chunk
      aria-hidden={true}
      aria-labelledby="label-firstsection"
      className="accordionPanel-animator accordionPanel-animator--collapse"
      onTransitionEnd={[Function]}
      role="tabpanel"
      style={
        Object {
          "height": "0px",
        }
      }
    >
      <div
        className="accordionPanel-content"
      >
        <div
          className="runningText"
        >
          <p>
            Contrary to popular belief, Lorem Ipsum is not simply random text. It has roots in a piece of classical Latin literature from 45 BC, making it over 2000 years old. Richard McClintock, a Latin professor at Hampden-Sydney College in Virginia, looked up one of the more obscure Latin words, consectetur, from a Lorem Ipsum passage, and going through the cites of the word in classical literature, discovered the undoubtable source.
          </p>
        </div>
      </div>
    </Chunk>
  </FlexItem>
  <FlexItem
    className="accordionPanel-icon"
    onClick={[Function]}
    shrink={true}
  >
    <Icon
      shape="chevron-down"
      size="xs"
    />
  </FlexItem>
</Flex>
`;

exports[`AccordionPanel Panel with custom icon exists and renders a custom icon 1`] = `
<Flex
  className="accordionPanel"
  direction="row"
  rowReverse="all"
>
  <FlexItem>
    <button
      aria-controls="panel-firstsection"
      aria-expanded={false}
      aria-selected={false}
      className="accordionPanel-label display--block span--100 padding--bottom"
      id="label-firstsection"
      onClick={[Function]}
      role="tab"
    >
      First Section
    </button>
    <Chunk
      aria-hidden={true}
      aria-labelledby="label-firstsection"
      className="accordionPanel-animator accordionPanel-animator--collapse"
      onTransitionEnd={[Function]}
      role="tabpanel"
      style={
        Object {
          "height": "0px",
        }
      }
    >
      <div
        className="accordionPanel-content"
      >
        <div
          className="runningText"
        >
          <p>
            Contrary to popular belief, Lorem Ipsum is not simply random text. It has roots in a piece of classical Latin literature from 45 BC, making it over 2000 years old. Richard McClintock, a Latin professor at Hampden-Sydney College in Virginia, looked up one of the more obscure Latin words, consectetur, from a Lorem Ipsum passage, and going through the cites of the word in classical literature, discovered the undoubtable source.
          </p>
        </div>
      </div>
    </Chunk>
  </FlexItem>
  <FlexItem
    className="accordionPanel-icon"
    onClick={[Function]}
    shrink={true}
  >
    <Icon
      shape="plus"
      size="xs"
    />
  </FlexItem>
</Flex>
`;

exports[`AccordionPanel Panel with right aligned icon exists and renders icon left 1`] = `
<AccordionPanel
  indicatorAlign="left"
  indicatorIcon="chevron-down"
  indicatorIconSize="xs"
  isOpen={false}
  label="First Section"
  panelContent={
    <div
      className="runningText"
    >
      <p>
        Contrary to popular belief, Lorem Ipsum is not simply random text. It has roots in a piece of classical Latin literature from 45 BC, making it over 2000 years old. Richard McClintock, a Latin professor at Hampden-Sydney College in Virginia, looked up one of the more obscure Latin words, consectetur, from a Lorem Ipsum passage, and going through the cites of the word in classical literature, discovered the undoubtable source.
      </p>
    </div>
  }
>
  <Flex
    className="accordionPanel"
    direction="row"
    rowReverse="all"
  >
    <div
      className="flex flex--row atAll_flex--rowReverse accordionPanel"
    >
      <FlexItem>
        <div
          className="flex-item"
        >
          <button
            aria-controls="panel-firstsection"
            aria-expanded={false}
            aria-selected={false}
            className="accordionPanel-label display--block span--100 padding--bottom"
            id="label-firstsection"
            onClick={[Function]}
            role="tab"
          >
            First Section
          </button>
          <Chunk
            aria-hidden={true}
            aria-labelledby="label-firstsection"
            className="accordionPanel-animator accordionPanel-animator--collapse"
            onTransitionEnd={[Function]}
            role="tabpanel"
            style={
              Object {
                "height": "0px",
              }
            }
          >
            <div
              aria-hidden={true}
              aria-labelledby="label-firstsection"
              className="chunk accordionPanel-animator accordionPanel-animator--collapse"
              onTransitionEnd={[Function]}
              role="tabpanel"
              style={
                Object {
                  "height": "0px",
                }
              }
            >
              <div
                className="accordionPanel-content"
              >
                <div
                  className="runningText"
                >
                  <p>
                    Contrary to popular belief, Lorem Ipsum is not simply random text. It has roots in a piece of classical Latin literature from 45 BC, making it over 2000 years old. Richard McClintock, a Latin professor at Hampden-Sydney College in Virginia, looked up one of the more obscure Latin words, consectetur, from a Lorem Ipsum passage, and going through the cites of the word in classical literature, discovered the undoubtable source.
                  </p>
                </div>
              </div>
            </div>
          </Chunk>
        </div>
      </FlexItem>
      <FlexItem
        className="accordionPanel-icon"
        onClick={[Function]}
        shrink={true}
      >
        <div
          className="flex-item flex-item--shrink accordionPanel-icon"
          onClick={[Function]}
        >
          <Icon
            shape="chevron-down"
            size="xs"
          >
            <span
              className="svg svg--chevron-down"
            >
              <svg
                className="svg-icon valign--middle"
                height="16"
                preserveAspectRatio="xMinYMin meet"
                role="img"
                style={Object {}}
                viewBox="0 0 16 16"
                width="16"
              >
                <use
                  xlinkHref="#icon-chevron-down--small"
                />
              </svg>
            </span>
          </Icon>
        </div>
      </FlexItem>
    </div>
  </Flex>
</AccordionPanel>
`;

exports[`AccordionPanel Panel with toggle switch exists and renders a toggle switch 1`] = `
<AccordionPanel
  indicatorAlign="left"
  indicatorIcon="chevron-down"
  indicatorIconSize="xs"
  indicatorSwitch={true}
  isOpen={false}
  label="First Section"
  panelContent={
    <div
      className="runningText"
    >
      <p>
        Contrary to popular belief, Lorem Ipsum is not simply random text. It has roots in a piece of classical Latin literature from 45 BC, making it over 2000 years old. Richard McClintock, a Latin professor at Hampden-Sydney College in Virginia, looked up one of the more obscure Latin words, consectetur, from a Lorem Ipsum passage, and going through the cites of the word in classical literature, discovered the undoubtable source.
      </p>
    </div>
  }
>
  <Flex
    className="accordionPanel"
    direction="row"
    rowReverse="all"
  >
    <div
      className="flex flex--row atAll_flex--rowReverse accordionPanel"
    >
      <FlexItem>
        <div
          className="flex-item"
        >
          <button
            aria-controls="panel-firstsection"
            aria-expanded={false}
            aria-selected={false}
            className="accordionPanel-label display--block span--100 padding--bottom"
            id="label-firstsection"
            onClick={[Function]}
            role="tab"
          >
            First Section
          </button>
          <Chunk
            aria-hidden={true}
            aria-labelledby="label-firstsection"
            className="accordionPanel-animator accordionPanel-animator--collapse"
            onTransitionEnd={[Function]}
            role="tabpanel"
            style={
              Object {
                "height": "0px",
              }
            }
          >
            <div
              aria-hidden={true}
              aria-labelledby="label-firstsection"
              className="chunk accordionPanel-animator accordionPanel-animator--collapse"
              onTransitionEnd={[Function]}
              role="tabpanel"
              style={
                Object {
                  "height": "0px",
                }
              }
            >
              <div
                className="accordionPanel-content"
              >
                <div
                  className="runningText"
                >
                  <p>
                    Contrary to popular belief, Lorem Ipsum is not simply random text. It has roots in a piece of classical Latin literature from 45 BC, making it over 2000 years old. Richard McClintock, a Latin professor at Hampden-Sydney College in Virginia, looked up one of the more obscure Latin words, consectetur, from a Lorem Ipsum passage, and going through the cites of the word in classical literature, discovered the undoubtable source.
                  </p>
                </div>
              </div>
            </div>
          </Chunk>
        </div>
      </FlexItem>
      <FlexItem
        className="accordionPanel-icon"
        onClick={[Function]}
        shrink={true}
      >
        <div
          className="flex-item flex-item--shrink accordionPanel-icon"
          onClick={[Function]}
        >
          <WithToggle
            disabled={false}
            id="firstsection-switch"
            isActive={false}
            name="firstsection"
            onClick={[Function]}
          >
            <span
              aria-pressed={false}
              onKeyUp={[Function]}
              role="button"
              tabIndex="0"
            >
              <ToggleSwitch
                disabled={false}
                id="firstsection-switch"
                isActive={false}
                name="firstsection"
                onClick={[Function]}
                toggleActive={[Function]}
              >
                <div
                  id="firstsection-switch"
                  onClick={[Function]}
                >
                  <Button
                    aria-checked={false}
                    aria-labelledby="firstsection-label"
                    className="toggleSwitch"
                    disabled={false}
                    onClick={[Function]}
                    reset={true}
                    role="switch"
                    tabIndex={-1}
                  >
                    <button
                      aria-checked={false}
                      aria-labelledby="firstsection-label"
                      className="button button--reset toggleSwitch"
                      onClick={[Function]}
                      role="switch"
                      tabIndex={-1}
                    >
                      <span
                        className="toggleSwitch-knob flex flex--center flex--alignCenter"
                      >
                        <Icon
                          color="rgba(46,62,72,0.6)"
                          label="Toggle switch label"
                          shape="cross"
                          size="xxs"
                        >
                          <span
                            className="svg svg--cross"
                          >
                            <svg
                              className="svg-icon valign--middle"
                              height="12"
                              label="Toggle switch label"
                              preserveAspectRatio="xMinYMin meet"
                              role="img"
                              style={
                                Object {
                                  "fill": "rgba(46,62,72,0.6)",
                                }
                              }
                              viewBox="0 0 12 12"
                              width="12"
                            >
                              <use
                                xlinkHref="#icon-cross--small"
                              />
                            </svg>
                          </span>
                        </Icon>
                      </span>
                    </button>
                  </Button>
                </div>
              </ToggleSwitch>
            </span>
          </WithToggle>
        </div>
      </FlexItem>
    </div>
  </Flex>
</AccordionPanel>
`;
