// Jest Snapshot v1, https://goo.gl/fbAQLP

exports[`Tooltip aligned tooltip matches snapshot 1`] = `
<Tooltip
  align="right"
  content={
    <Section
      noSeparator={true}
    >
      <Chunk>
        <h2
          className="text--big text--bold"
        >
          Dropdown content
        </h2>
      </Chunk>
    </Section>
  }
  direction="top"
  id="testDropdown"
  minWidth="0px"
  noPortal={false}
  trigger={
    <Button
      small={true}
    >
      Open
    </Button>
  }
/>
`;

exports[`Tooltip tooltip with a close button should render correctly 1`] = `
<Tooltip
  align="right"
  content={
    <Section
      noSeparator={true}
    >
      <Chunk>
        <h2
          className="text--big text--bold"
        >
          Dropdown content
        </h2>
      </Chunk>
    </Section>
  }
  direction="bottom"
  id="testDropdown"
  isActive={true}
  minWidth="0px"
  noPortal={false}
  trigger={
    <Button
      small={true}
    >
      Open
    </Button>
  }
  withClose={true}
>
  <div
    className="popup"
    onMouseLeave={[Function]}
  >
    <div
      aria-labelledby="testDropdown"
      className="popup-trigger"
      onBlur={[Function]}
      onFocus={[Function]}
      onMouseEnter={[Function]}
      role="button"
    >
      <Button
        small={true}
      >
        <Button
          small={true}
        >
          <button
            data-icon="left"
            data-swarm-button="default"
            data-swarm-size="small"
            data-swarm-width="default"
            small={true}
            type="button"
          >
            <span>
              <ChildrenWithIcon>
                Open
              </ChildrenWithIcon>
            </span>
          </button>
        </Button>
      </Button>
    </div>
    <WithMatchMedia(FloatingPosition)
      align="right"
      direction="bottom"
      getContent={[Function]}
      getTrigger={[Function]}
      handleClose={[Function]}
      noPortal={false}
    >
      <FloatingPosition
        align="right"
        direction="bottom"
        getContent={[Function]}
        getTrigger={[Function]}
        handleClose={[Function]}
        media={Object {}}
        noPortal={false}
      >
        <ConditionalWrap
          condition={true}
          wrap={[Function]}
        >
          <Portal>
            <Portal
              containerInfo={
                <div>
                  <div
                    aria-hidden="false"
                    class="popup-content tooltip-content popup-content--right display--block"
                    id="testDropdown"
                    role="tooltip"
                    style="left: 0px; top: 0px; min-width: 0px; max-width: 200px;"
                  >
                    <div
                      class="popup-bubble tooltip-bubble inverted popup-bubble--active popup-bubble--right"
                    >
                      <button
                        aria-label="Close"
                        class="tooltip-closeBtn"
                        data-icon="only"
                        data-swarm-button="reset"
                        data-swarm-size="default"
                        data-swarm-width="default"
                        role="button"
                        type="button"
                      >
                        <span>
                          <span>
                            <svg
                              class="svg svg--cross svg-icon valign--middle"
                              height="20"
                              preserveAspectRatio="xMinYMin meet"
                              role="presentation"
                              viewBox="0 0 20 20"
                              width="20"
                            >
                              <use
                                xlink:href="#icon-cross--small"
                              />
                            </svg>
                          </span>
                        </span>
                      </button>
                      <section
                        class="section"
                      >
                        <div
                          class="chunk"
                        >
                          <h2
                            class="text--big text--bold"
                          >
                            Dropdown content
                          </h2>
                        </div>
                      </section>
                    </div>
                  </div>
                </div>
              }
            >
              <div
                aria-hidden={false}
                className="popup-content tooltip-content popup-content--right display--block"
                id="testDropdown"
                role="tooltip"
                style={
                  Object {
                    "left": "0px",
                    "maxWidth": "200px",
                    "minWidth": "0px",
                    "top": "0px",
                  }
                }
              >
                <div
                  className="popup-bubble tooltip-bubble inverted popup-bubble--active popup-bubble--right"
                >
                  <Button
                    aria-label="Close"
                    className="tooltip-closeBtn"
                    icon={
                      <Icon
                        className="text--secondary"
                        shape="cross"
                        size="s"
                      />
                    }
                    onClick={[Function]}
                    reset={true}
                    role="button"
                  >
                    <Button
                      aria-label="Close"
                      className="tooltip-closeBtn"
                      icon={
                        <Icon
                          className="text--secondary"
                          shape="cross"
                          size="s"
                        />
                      }
                      onClick={[Function]}
                      reset={true}
                      role="button"
                    >
                      <button
                        aria-label="Close"
                        className="tooltip-closeBtn"
                        data-icon="only"
                        data-swarm-button="reset"
                        data-swarm-size="default"
                        data-swarm-width="default"
                        onClick={[Function]}
                        reset={true}
                        role="button"
                        type="button"
                      >
                        <span>
                          <ChildrenWithIcon
                            iconShape="cross"
                          >
                            <Icon
                              shape="cross"
                              size="xs"
                            >
                              <span>
                                <Icon
                                  role="presentation"
                                  shape="cross"
                                  size="xs"
                                >
                                  <svg
                                    className="svg svg--cross svg-icon valign--middle"
                                    height="20"
                                    preserveAspectRatio="xMinYMin meet"
                                    role="presentation"
                                    style={Object {}}
                                    viewBox="0 0 20 20"
                                    width="20"
                                  >
                                    <use
                                      xlinkHref="#icon-cross--small"
                                    />
                                  </svg>
                                </Icon>
                              </span>
                            </Icon>
                          </ChildrenWithIcon>
                        </span>
                      </button>
                    </Button>
                  </Button>
                  <Section
                    noSeparator={true}
                  >
                    <SectionComponent
                      noSeparator={true}
                    >
                      <section
                        className="section"
                      >
                        <Chunk>
                          <ChunkComponent>
                            <div
                              className="chunk"
                            >
                              <h2
                                className="text--big text--bold"
                              >
                                Dropdown content
                              </h2>
                            </div>
                          </ChunkComponent>
                        </Chunk>
                      </section>
                    </SectionComponent>
                  </Section>
                </div>
              </div>
            </Portal>
          </Portal>
        </ConditionalWrap>
      </FloatingPosition>
    </WithMatchMedia(FloatingPosition)>
  </div>
</Tooltip>
`;
