// Jest Snapshot v1, https://goo.gl/fbAQLP

exports[`redux-form RadioButtonGroup propMapper should map the props as expected 1`] = `
{
  "name": "test-name",
  "onBlur": "onBlur",
  "onChange": "onChange",
  "onFocus": "onFocus",
  "otherProp": "otherProp",
  "selectedValue": "test-value",
  "value": "test-value",
}
`;
