// Jest Snapshot v1, https://goo.gl/fbAQLP

exports[`redux-form SelectInput renders a SelectInput component with expected attributes from mock data 1`] = `
<SelectInput
  error={null}
  label="Countries"
  name="formSelectCountries"
  options={
    [
      {
        "label": "One",
        "value": "1",
      },
      {
        "label": "Two",
        "value": "2",
      },
      {
        "label": "Three",
        "value": "3",
      },
    ]
  }
  required={true}
/>
`;
