// Jest Snapshot v1, https://goo.gl/fbAQLP

exports[`redux-form TimeInput renders a TimeInput component with expected attributes from mock data 1`] = `
<TimeInput
  error="Now approaching midnight!!?"
  is24Hr={true}
  label="What time is it?"
  name="partytime"
  required={true}
  value="22:00"
/>
`;
