// Jest Snapshot v1, https://goo.gl/fbAQLP

exports[`redux-form TogglePill renders a TogglePill component with expected attributes from mock data 1`] = `
<TogglePill
  isActive={false}
  label="Parenting"
  name="parenting"
  value={false}
/>
`;
