// Jest Snapshot v1, https://goo.gl/fbAQLP

exports[`FormSection exists and contains form section wrapping elements with proper attributes 1`] = `
<Section
  className="border--none"
>
  <Card
    flushUntil="large"
    initialHeight={true}
    loadingProps={{}}
  >
    <Bounds
      narrow={true}
    >
      <Section
        className="border--none padding--top"
        hasSeparator={true}
      />
    </Bounds>
  </Card>
</Section>
`;
