// Jest Snapshot v1, https://goo.gl/fbAQLP

exports[`InlineBlockList exists 1`] = `
<ConditionalWrap
  wrap={[Function]}
>
  <ul
    className="inlineblockList"
  >
    <li
      key="0"
      style={
        {
          "verticalAlign": undefined,
        }
      }
    >
      English
    </li>
    <li
      key="1"
      style={
        {
          "verticalAlign": undefined,
        }
      }
    >
      English (Australian)
    </li>
    <li
      key="2"
      style={
        {
          "verticalAlign": undefined,
        }
      }
    >
      Deutsch
    </li>
    <li
      key="3"
      style={
        {
          "verticalAlign": undefined,
        }
      }
    >
      Español
    </li>
    <li
      key="4"
      style={
        {
          "verticalAlign": undefined,
        }
      }
    >
      Español (España)
    </li>
    <li
      key="5"
      style={
        {
          "verticalAlign": undefined,
        }
      }
    >
      Français
    </li>
    <li
      key="6"
      style={
        {
          "verticalAlign": undefined,
        }
      }
    >
      Italiano
    </li>
    <li
      key="7"
      style={
        {
          "verticalAlign": undefined,
        }
      }
    >
      Nederlands
    </li>
    <li
      key="8"
      style={
        {
          "verticalAlign": undefined,
        }
      }
    >
      Português
    </li>
    <li
      key="9"
      style={
        {
          "verticalAlign": undefined,
        }
      }
    >
      日本語
    </li>
    <li
      key="10"
      style={
        {
          "verticalAlign": undefined,
        }
      }
    >
      한국어
    </li>
  </ul>
</ConditionalWrap>
`;
