// Jest Snapshot v1, https://goo.gl/fbAQLP

exports[`Button is a HTML button element exists 1`] = `
<button
  data-icon="only"
  data-swarm-button="default"
  data-swarm-size="default"
  data-swarm-width="default"
  type="button"
/>
`;
