// Jest Snapshot v1, https://goo.gl/fbAQLP

exports[`RadioButtonGroup should match the snapshot 1`] = `
<div
  className="some-class"
>
  <RadioButton
    checked={true}
    key=".0"
    label="label 1"
    name="button1"
    onChange={[Function]}
    value="one"
  />
  <RadioButton
    checked={false}
    key=".1"
    label="label 2"
    name="button2"
    onChange={[Function]}
    value="two"
  />
</div>
`;
