// Jest Snapshot v1, https://goo.gl/fbAQLP

exports[`TextInput renders a required HTML <input> with expected attributes for mock data 1`] = `
<div
  className="inputContainer"
>
  <label
    className="label--field label--required"
    htmlFor="superhero"
  >
    Super Hero
  </label>
  <div
    style={
      Object {
        "position": "relative",
      }
    }
  >
    <input
      className="span--100"
      id="superhero"
      name="superhero"
      required={true}
      type="text"
      value="Batman"
    />
  </div>
</div>
`;
